============================= test session starts =============================
platform win32 -- Python 3.11.9, pytest-9.0.2, pluggy-1.6.0 -- C:\Users\ALEX\Github\AgriSearch\backend\.venv\Scripts\python.exe
cachedir: .pytest_cache
rootdir: C:\Users\ALEX\Github\AgriSearch
plugins: anyio-4.13.0, Faker-40.12.0, asyncio-1.3.0
asyncio: mode=Mode.STRICT, debug=False, asyncio_default_fixture_loop_scope=None, asyncio_default_test_loop_scope=function
collecting ... collected 2 items

tests/integration/test_pdf_parser.py::test_table_flattener_basic PASSED  [ 50%]
tests/integration/test_pdf_parser.py::test_pdf_parse_real_file ERROR     [100%]

=================================== ERRORS ====================================
_________________ ERROR at setup of test_pdf_parse_real_file __________________

self = <Coroutine test_pdf_parse_real_file>

    def setup(self) -> None:
        runner_fixture_id = f"_{self._loop_scope}_scoped_runner"
        if runner_fixture_id not in self.fixturenames:
            self.fixturenames.append(runner_fixture_id)
>       return super().setup()
               ^^^^^^^^^^^^^^^

backend\.venv\Lib\site-packages\pytest_asyncio\plugin.py:458: 
_ _ _ _ _ _ _ _ _ _ _ _ _ _ _ _ _ _ _ _ _ _ _ _ _ _ _ _ _ _ _ _ _ _ _ _ _ _ _ _

fixturedef = <FixtureDef argname='db_engine' scope='session' baseid='tests'>
request = <SubRequest 'db_engine' for <Coroutine test_pdf_parse_real_file>>

    @pytest.hookimpl(wrapper=True)
    def pytest_fixture_setup(fixturedef: FixtureDef, request) -> object | None:
        asyncio_mode = _get_asyncio_mode(request.config)
        if not _is_asyncio_fixture_function(fixturedef.func):
            if asyncio_mode == Mode.STRICT:
                # Ignore async fixtures without explicit asyncio mark in strict mode
                # This applies to pytest_trio fixtures, for example
>               return (yield)
                        ^^^^^
E               pytest.PytestRemovedIn9Warning: '' requested an async fixture 'db_engine', with no plugin or hook that handled it. This is usually an error, as pytest does not natively support it. This will turn into an error in pytest 9.
E               See: https://docs.pytest.org/en/stable/deprecations.html#sync-test-depending-on-async-fixture

backend\.venv\Lib\site-packages\pytest_asyncio\plugin.py:728: PytestRemovedIn9Warning
=========================== short test summary info ===========================
ERROR tests/integration/test_pdf_parser.py::test_pdf_parse_real_file - pytest.PytestRemovedIn9Warning: '' requested an async fixture 'db_engine', with no plugin or hook that handled it. This is usually an error, as pytest does not natively support it. This will turn into an error in pytest 9.
See: https://docs.pytest.org/en/stable/deprecations.html#sync-test-depending-on-async-fixture
========================= 1 passed, 1 error in 0.27s ==========================
